// Jest Snapshot v1, https://goo.gl/fbAQLP

exports[`Archetypes should match get decks 1`] = `
Array [
  Object {
    "eventId": 26475,
    "id": 403261,
    "name": "Burn",
  },
  Object {
    "eventId": 26492,
    "id": 403428,
    "name": "Red Deck Wins",
  },
  Object {
    "eventId": 26492,
    "id": 403425,
    "name": "Prowess Deck Wins",
  },
  Object {
    "eventId": 26499,
    "id": 403478,
    "name": "Prowess Deck Wins",
  },
  Object {
    "eventId": 26379,
    "id": 401504,
    "name": "Prowess Deck Wins",
  },
  Object {
    "eventId": 26379,
    "id": 401505,
    "name": "Burn",
  },
  Object {
    "eventId": 26360,
    "id": 401192,
    "name": "Burn",
  },
  Object {
    "eventId": 26276,
    "id": 399971,
    "name": "Red Deck Wins",
  },
  Object {
    "eventId": 26274,
    "id": 399921,
    "name": "Prowess Deck Wins",
  },
  Object {
    "eventId": 26221,
    "id": 399251,
    "name": "Burn",
  },
  Object {
    "eventId": 26314,
    "id": 400559,
    "name": "Burn",
  },
  Object {
    "eventId": 26121,
    "id": 397393,
    "name": "Red Deck Wins",
  },
  Object {
    "eventId": 26143,
    "id": 397745,
    "name": "Burn",
  },
  Object {
    "eventId": 26103,
    "id": 397109,
    "name": "Burn",
  },
  Object {
    "eventId": 26057,
    "id": 396169,
    "name": "Prowess Deck Wins",
  },
  Object {
    "eventId": 26056,
    "id": 396167,
    "name": "Mono Red Prowess",
  },
  Object {
    "eventId": 26035,
    "id": 395892,
    "name": "Burn",
  },
  Object {
    "eventId": 25952,
    "id": 394650,
    "name": "Burn",
  },
  Object {
    "eventId": 26107,
    "id": 397163,
    "name": "Naya Burn",
  },
  Object {
    "eventId": 25904,
    "id": 393844,
    "name": "RDW",
  },
]
`;

exports[`Archetypes should match snapshot 1`] = `
Archetype {
  "id": 214,
  "name": "Martyr Life",
}
`;
