// Jest Snapshot v1, https://goo.gl/fbAQLP

exports[`Event should get one 1`] = `
Event {
  "date": 2020-02-08T00:00:00.000Z,
  "decks": Array [
    Object {
      "eventId": 26728,
      "id": 407142,
      "name": "Red Deck Wins",
      "ranks": Array [
        1,
      ],
    },
    Object {
      "eventId": 26728,
      "id": 407141,
      "name": "Temur Reclamation",
      "ranks": Array [
        2,
      ],
    },
    Object {
      "eventId": 26728,
      "id": 407087,
      "name": "Jund Sacrifice",
      "ranks": Array [
        3,
        4,
      ],
    },
    Object {
      "eventId": 26728,
      "id": 407139,
      "name": "Rakdos Aggro",
      "ranks": Array [
        3,
        4,
      ],
    },
    Object {
      "eventId": 26728,
      "id": 407140,
      "name": "Mono Black Aggro",
      "ranks": Array [
        5,
        8,
      ],
    },
    Object {
      "eventId": 26728,
      "id": 407088,
      "name": "Temur Reclamation",
      "ranks": Array [
        5,
        8,
      ],
    },
    Object {
      "eventId": 26728,
      "id": 407089,
      "name": "Temur Reclamation",
      "ranks": Array [
        5,
        8,
      ],
    },
    Object {
      "eventId": 26728,
      "id": 407113,
      "name": "Winota",
      "ranks": Array [
        5,
        8,
      ],
    },
  ],
  "format": Object {
    "code": "ST",
    "name": "Standard",
  },
  "id": 26728,
  "name": "SCG Tour Online Championship Qualifier #1 @ Star City Games",
  "playerCount": 133,
  "rank": 3,
}
`;
